2026-06-12 17:55:49 [ERROR   ] main                 GUI 啟動失敗：'PySide6.QtWidgets.QTextEdit' object has no attribute 'setMaximumBlockCount'
2026-06-12 17:55:49 [ERROR   ] main                 詳細錯誤：
Traceback (most recent call last):
  File "C:\710_製作_開發中\Krename_2606\project\main.py", line 217, in main
    run_gui(server_url)
  File "C:\710_製作_開發中\Krename_2606\project\gui.py", line 462, in run_gui
    window = MainWindow(server_url)
             ^^^^^^^^^^^^^^^^^^^^^^
  File "C:\710_製作_開發中\Krename_2606\project\gui.py", line 210, in __init__
    self._build_ui()
  File "C:\710_製作_開發中\Krename_2606\project\gui.py", line 231, in _build_ui
    left = self._build_left_panel()
           ^^^^^^^^^^^^^^^^^^^^^^^^
  File "C:\710_製作_開發中\Krename_2606\project\gui.py", line 255, in _build_left_panel
    vbox.addWidget(self._build_log_group(), 1)
                   ^^^^^^^^^^^^^^^^^^^^^^^
  File "C:\710_製作_開發中\Krename_2606\project\gui.py", line 353, in _build_log_group
    self.log_text.setMaximumBlockCount(400)
    ^^^^^^^^^^^^^^^^^^^^^^^^^^^^^^^^^^
AttributeError: 'PySide6.QtWidgets.QTextEdit' object has no attribute 'setMaximumBlockCount'

